C51 COMPILER V9.60.0.0   CLOCK                                                             11/14/2021 21:30:31 PAGE 1   


C51 COMPILER V9.60.0.0, COMPILATION OF MODULE CLOCK
OBJECT MODULE PLACED IN .\Objects\clock.obj
COMPILER INVOKED BY: C:\Keil_v5\C51\BIN\C51.EXE clock.c OPTIMIZE(8,SPEED) BROWSE DEBUG OBJECTEXTEND PRINT(.\Listings\clo
                    -ck.lst) TABS(2) OBJECT(.\Objects\clock.obj)

line level    source

   1          #include <REGX52.H>
   2          #include "clock.h"
   3          unsigned int u8sec=0;
   4          unsigned int u8min=0;
   5          unsigned int u8hour=0;
   6          
   7          unsigned int u8countDisply=0;
   8          /* swithes */
   9          sbit increment=P2^6;
  10          sbit decrement=P2^5;
  11          
  12          //unsigned int arr[10]={0x40,0xF9,0x24,0x30,0x19,0x12,0x02,0xF8,0x00,0x10};
  13          //unsigned int arr[10]={0x67,0x7F,0x07,0x7C,0x6D,0x66,0x4F,0x5B,0x06,0x3F};
  14          unsigned int arr[10]={0x3F,0x06,0x5B,0x4F,0x66,0x6D,0x7C,0x07,0x7F,0x67};
  15          void clock_work(){
  16   1      
  17   1          if(u8countDisply <250){
  18   2            P2=0x79;
  19   2            P3=1;
  20   2            P1=arr[u8sec/10];
  21   2            delay(15);
  22   2            P3=P3<<1;
  23   2          
  24   2            P1=arr[u8sec%10];
  25   2            delay(15);
  26   2          }else if(u8countDisply <1000){
  27   2            P2=0x7A;
  28   2            P3=1;
  29   2            
  30   2            P1=arr[u8min/10];
  31   2            delay(15);
  32   2            P3=P3<<1;
  33   2          
  34   2            P1=arr[u8min%10];
  35   2            delay(15);
  36   2          }else if(u8countDisply < 1500){
  37   2            P3=1;
  38   2            P2=0x7C;
  39   2            P1=arr[u8hour/10];
  40   2            delay(15);
  41   2            P3=P3<<1;
  42   2          
  43   2            P1=arr[u8hour%10];
  44   2            delay(15);
  45   2            
  46   2          }else{
  47   2            u8countDisply=0;
  48   2          }
  49   1          u8countDisply++;
  50   1      }
  51          void second(){
  52   1        
  53   1      }
  54          void minutes(){
C51 COMPILER V9.60.0.0   CLOCK                                                             11/14/2021 21:30:31 PAGE 2   

  55   1            P2=0xFA;
  56   1            P3=1;
  57   1            
  58   1            P1=arr[u8min/10];
  59   1            delay(15);
  60   1            P3=P3<<1;
  61   1          
  62   1            P1=arr[u8min%10];
  63   1            delay(15);
  64   1        
  65   1            if(increment == 0){
  66   2              delay(500);
  67   2              if(increment == 0){
  68   3                u8min++;}
  69   2            }else{
  70   2              /*do nothing */
  71   2            }
  72   1        
  73   1            if(decrement ==0){
  74   2              delay(500);
  75   2              if(decrement ==0){
  76   3                u8min--;
  77   3              }
  78   2            }else{
  79   2              /*do nothing */
  80   2          }
  81   1      }
  82          
  83          void hours(){
  84   1            P3=1;
  85   1            P2=0xFC;
  86   1            P1=arr[u8hour/10];
  87   1            delay(15);
  88   1            P3=P3<<1;
  89   1          
  90   1            P1=arr[u8hour%10];
  91   1            delay(15);
  92   1            
  93   1            if(increment ==0){
  94   2              delay(500);
  95   2              if(increment ==0){
  96   3                u8hour++;
  97   3              }
  98   2            }else{
  99   2              /*do nothing */
 100   2            }
 101   1            
 102   1            if(decrement ==0){
 103   2              delay(500);
 104   2              if(decrement ==0){
 105   3                u8hour--;
 106   3              } 
 107   2            }else{
 108   2              /*do nothing */
 109   2            }
 110   1            u8countDisply=0;
 111   1      }
 112          void delay(unsigned int u8delay){
*** WARNING C235 IN LINE 112 OF clock.c: parameter 1: different types
 113   1      unsigned int j,k;
 114   1      for (j=0;j<=u8delay;j++)
 115   1      for (k=0;k<=120;k++);
C51 COMPILER V9.60.0.0   CLOCK                                                             11/14/2021 21:30:31 PAGE 3   

 116   1      }
 117          void timer_init(){
 118   1        
 119   1          TMOD = 0x01;       //Timer0 mode 1 
 120   1          TH0 = 0XC3;        //Load the timer value
 121   1          TL0 = 0X50;
 122   1          TR0 = 1;           //turn ON Timer zero
 123   1          ET0 = 1;           //Enable TImer0 Interrupt
 124   1          EA = 1;            //Enable Global Interrupt 
 125   1      
 126   1        
 127   1      }
 128          unsigned char counter=0;
 129          void timer0_isr() interrupt 1
 130          {
 131   1        counter++;
 132   1        TH0 = 0XC3;        //RELoad the timer value
 133   1        TL0 = 0X50;
 134   1        if(counter >= 20){
 135   2           counter=0;
 136   2          if(u8sec <60){
 137   3            u8sec++;
 138   3          }else if(u8min <60){
 139   3            u8sec=0;
 140   3            u8min++;
 141   3          }else if(u8hour <60){
 142   3            u8min=0;
 143   3            u8hour++; 
 144   3          }
 145   2          
 146   2        }else{
 147   2           TR0 = 1;
 148   2        }   
 149   1      }


MODULE INFORMATION:   STATIC OVERLAYABLE
   CODE SIZE        =    452    ----
   CONSTANT SIZE    =   ----    ----
   XDATA SIZE       =   ----    ----
   PDATA SIZE       =   ----    ----
   DATA SIZE        =     29    ----
   IDATA SIZE       =   ----    ----
   BIT SIZE         =   ----    ----
END OF MODULE INFORMATION.


C51 COMPILATION COMPLETE.  1 WARNING(S),  0 ERROR(S)
